// Jest Snapshot v1, https://goo.gl/fbAQLP

exports[`basic graphql generation should create a basic graphql setup from a model 1`] = `
"type Mutation {
  createTestuser(data: TestuserCreateInput!): Testuser
  updateTestuser(where: TestuserFilter!, data: TestuserUpdateInput!): Testuser
  deleteTestusers(where: TestuserFilter!): [Testuser!]!
}

input Page {
  limit: Int
  offset: Int
}

type Query {
  Testuser(where: TestuserFilter!, order: TestuserOrderEnum): Testuser
  Testusers(where: TestuserFilter, order: TestuserOrderEnum, page: Page): [Testuser!]!
}

type Testuser {
  email: String!
  nickname: String
}

input TestuserCreateInput {
  email: String!
  nickname: String
}

input TestuserFilter {
  email: String
  nickname: String
}

enum TestuserOrderEnum {
  email_ASC
  email_DESC
  nickname_ASC
  nickname_DESC
}

input TestuserUpdateInput {
  email: String
  nickname: String
}
"
`;
